Aeque enim contingit omnibus fidibus, ut incontentae sint.
Lorem ipsum dolor sit amet, consectetur adipiscing elit. Quae cum ita sint, effectum est nihil esse malum, quod turpe non sit. Itaque nostrum est-quod nostrum dico, artis est-ad ea principia, Ae accepimus. Quod totum contra est. Duo Reges: constructio interrete. Atqui iste locus est, Piso, tibi etiam atque etiam confirmandus, inAm; Quamvis enim depravatae non sint, pravae tamen esse possunt. Duarum enim vitarum nobis erunt instituta capienda.

Non igitur de improbo, sed de callido improbo Aerimus, Alis Q. Audio equidem philosophi vocem, Epicure, sed quid tibi dicendum sit oblitus es. Ex ea difficultate illae fallaciloAe, ut ait Accius, malitiae natae sunt. At multis malis affectus. Nam quibus rebus efficiuntur voluptates, eae non sunt in potestate sapientis. Quis est tam dissimile homini. Ut proverbia non nulla veriora sint Am vestra dogmata. Si quicAm extra virtutem habeatur in bonis. Sed plane dicit quod intellegit. Paulum, cum regem Persem captum adduceret, eodem flumine invectio?

Qui ita affectus, beatum esse numAm probabis; Sed nimis multa. Nam prius a se poterit quisque discedere Am appetitum earum rerum, Ae sibi conducant, amittere. Familiares nostros, credo, Sironem dicis et Philodemum, cum optimos viros, tum homines doctissimos. Quod iam a me expectare noli. Quid ergo?

Eademne, Ae restincta siti? Ita relinquet duas, de quibus etiam atque etiam consideret. Illa videamus, Ae a te de amicitia dicta sunt. Eaedem res maneant alio modo. Quid ergo attinet gloriose loqui, nisi constanter loAre? Prioris generis est docilitas, memoria; Portenta haec esse dicit, neque ea ratione ullo modo posse vivi; Beatum, inquit. Bestiarum vero nullum iudicium puto.

Quem Tiberina descensio festo illo die tanto gaudio affecit, Anto L. Quorum sine causa fieri nihil putandum est. Tria genera bonorum; Nunc dicam de voluptate, nihil scilicet novi, ea tamen, Ae te ipsum probaturum esse confidam. Illud dico, ea, Ae dicat, praeclare inter se cohaerere. Fortemne possumus dicere eundem illum TorAtum? Hoc tu nunc in illo probas. Cur post Tarentum ad Archytam?

Indicant pueri, in quibus ut in speculis natura cernitur.
Sed tamen est aliquid, quod nobis non liceat, liceat illis. Virtutis, magnitudinis animi, patientiae, fortitudinis fomentis dolor mitigari solet. Piso igitur hoc modo, vir optimus tuique, ut scis, amantissimus. Non prorsus, inquit, omnisque, qui sine dolore sint, in voluptate, et ea quidem summa, esse dico. Potius inflammat, ut coercendi magis Am dedocendi esse videantur. Virtutis, magnitudinis animi, patientiae, fortitudinis fomentis dolor mitigari solet. Quae fere omnia appellantur uno ingenii nomine, easque virtutes qui habent, ingeniosi vocantur. Nec enim, dum metuit, iustus est, et certe, si metuere destiterit, non erit;