QuodTESTequidemTESTnonTESTreprehendo;
LoremTESTipsumTESTdolorTESTsitTESTamet,TESTconsecteturTESTadipiscingTESTelit.TESTQuibusTESTnaturaTESTiureTESTresponderitTESTnonTESTesseTESTverumTESTaliundeTESTfinemTESTbeateTESTvivendi,TESTaTESTseTESTprincipiaTESTreiTESTgerendaeTESTpeti;TESTQuaeTESTenimTESTadhucTESTprotulisti,TESTpopulariaTESTsunt,TESTegoTESTautemTESTaTESTteTESTelegantioraTESTdesidero.TESTDuoTESTReges:TESTconstructioTESTinterrete.TESTTumTESTLucius:TESTMihiTESTveroTESTistaTESTvaldeTESTprobataTESTsunt,TESTquodTESTitemTESTfratriTESTputo.TESTBestiarumTESTveroTESTnullumTESTiudiciumTESTputo.TESTNihilTESTenimTESTiamTESThabes,TESTquodTESTadTESTcorpusTESTreferas;TESTDeindeTESTprimaTESTilla,TESTquaeTESTinTESTcongressuTESTsolemus:TESTQuidTESTtu,TESTinquit,TESThuc?TESTEtTESThomini,TESTquiTESTceterisTESTanimantibusTESTplurimumTESTpraestat,TESTpraecipueTESTaTESTnaturaTESTnihilTESTdatumTESTesseTESTdicemus?

IamTESTidTESTipsumTESTabsurdum,TESTmaximumTESTmalumTESTneglegi.TESTQuodTESTeaTESTnonTESToccurrentiaTESTfingunt,TESTvincuntTESTAristonem;TESTAtquiTESTperspicuumTESTestTESThominemTESTeTESTcorporeTESTanimoqueTESTconstare,TESTcumTESTprimaeTESTsintTESTanimiTESTpartes,TESTsecundaeTESTcorporis.TESTFieri,TESTinquam,TESTTriari,TESTnulloTESTpactoTESTpotest,TESTutTESTnonTESTdicas,TESTquidTESTnonTESTprobesTESTeius,TESTaTESTquoTESTdissentias.TESTEquidemTESTeTESTCn.TESTAnTESTdubiumTESTest,TESTquinTESTvirtusTESTitaTESTmaximamTESTpartemTESToptineatTESTinTESTrebusTESThumanis,TESTutTESTreliquasTESTobruat?

QuisTESTistumTESTdoloremTESTtimet?
SummusTESTdolorTESTpluresTESTdiesTESTmanereTESTnonTESTpotest?TESTDicetTESTproTESTmeTESTipsaTESTvirtusTESTnecTESTdubitabitTESTistiTESTvestroTESTbeatoTESTM.TESTTubulumTESTfuisse,TESTquaTESTillum,TESTcuiusTESTisTESTcondemnatusTESTestTESTrogatione,TESTP.TESTQuodTESTsiTESTitaTESTsit,TESTcurTESToperaTESTphilosophiaeTESTsitTESTdandaTESTnescio.

ExTESTeorumTESTenimTESTscriptisTESTetTESTinstitutisTESTcumTESTomnisTESTdoctrinaTESTliberalis,TESTomnisTESThistoria.
QuodTESTsiTESTitaTESTest,TESTsequiturTESTidTESTipsum,TESTquodTESTteTESTvelleTESTvideo,TESTomnesTESTsemperTESTbeatosTESTesseTESTsapientes.TESTCumTESTenimTESTferturTESTquasiTESTtorrensTESToratio,TESTquamvisTESTmultaTESTcuiusqueTESTmodiTESTrapiat,TESTnihilTESTtamenTESTteneas,TESTnihilTESTapprehendas,TESTnusquamTESTorationemTESTrapidamTESTcoerceas.TESTItaTESTredarguiturTESTipseTESTaTESTsese,TESTconvincunturqueTESTscriptaTESTeiusTESTprobitateTESTipsiusTESTacTESTmoribus.TESTAtTESTquantaTESTconantur!TESTMundumTESThuncTESTomnemTESToppidumTESTesseTESTnostrum!TESTIncendiTESTigiturTESTeos,TESTquiTESTaudiunt,TESTvides.TESTVide,TESTneTESTmagis,TESTinquam,TESTtuumTESTfuerit,TESTcumTESTreTESTidemTESTtibi,TESTquodTESTmihi,TESTvideretur,TESTnonTESTnovaTESTteTESTrebusTESTnominaTESTinponere.TESTQui-vereTESTfalsone,TESTquaerereTESTmittimus-diciturTESToculisTESTseTESTprivasse;TESTSiTESTistaTESTmalaTESTsunt,TESTinTESTquaeTESTpotestTESTincidereTESTsapiens,TESTsapientemTESTesseTESTnonTESTesseTESTadTESTbeateTESTvivendumTESTsatis.TESTAtTESTveroTESTsiTESTadTESTvitemTESTsensusTESTaccesserit,TESTutTESTappetitumTESTquendamTESThabeatTESTetTESTperTESTseTESTipsaTESTmoveatur,TESTquidTESTfacturamTESTputas?

QuemTESTsiTESTtenueris,TESTnonTESTmodoTESTmeumTESTCiceronem,TESTsedTESTetiamTESTmeTESTipsumTESTabducasTESTlicebit.
StultiTESTautemTESTmalorumTESTmemoriaTESTtorquentur,TESTsapientesTESTbonaTESTpraeteritaTESTgrataTESTrecordationeTESTrenovataTESTdelectant.
EsseTESTenimTESTquamTESTvelletTESTiniquusTESTiustusTESTpoteratTESTinpune.
QuaeTESTautemTESTnaturaTESTsuaeTESTprimaeTESTinstitutionisTESToblitaTESTest?
VerumTESTtamenTESTcumTESTdeTESTrebusTESTgrandioribusTESTdicas,TESTipsaeTESTresTESTverbaTESTrapiunt;
HocTESTestTESTnonTESTmodoTESTcorTESTnonTESThabere,TESTsedTESTneTESTpalatumTESTquidem.
VoluptatemTESTcumTESTsummumTESTbonumTESTdiceret,TESTprimumTESTinTESTeoTESTipsoTESTparumTESTvidit,TESTdeindeTESThocTESTquoqueTESTalienum;TESTSedTESTtuTESTistucTESTdixtiTESTbeneTESTLatine,TESTparumTESTplane.TESTNamTESThaecTESTipsaTESTmihiTESTeruntTESTinTESTpromptu,TESTquaeTESTmodoTESTaudivi,TESTnecTESTanteTESTaggrediar,TESTquamTESTteTESTabTESTistis,TESTquosTESTdicis,TESTinstructumTESTvidero.TESTFatebunturTESTStoiciTESThaecTESTomniaTESTdictaTESTesseTESTpraeclare,TESTnequeTESTeamTESTcausamTESTZenoniTESTdesciscendiTESTfuisse.TESTNonTESTautemTESThoc:TESTigiturTESTneTESTilludTESTquidem.TESTRatioTESTquidemTESTvestraTESTsicTESTcogit.TESTCumTESTaudissemTESTAntiochum,TESTBrute,TESTutTESTsolebam,TESTcumTESTM.TESTAnTESTquodTESTitaTESTcallidaTESTest,TESTutTESToptimeTESTpossitTESTarchitectariTESTvoluptates?

Idemne,TESTquodTESTiucunde?
HaecTESTmihiTESTvideturTESTdelicatior,TESTutTESTitaTESTdicam,TESTmolliorqueTESTratio,TESTquamTESTvirtutisTESTvisTESTgravitasqueTESTpostulat.TESTSedTESTquoniamTESTetTESTadvesperascitTESTetTESTmihiTESTadTESTvillamTESTrevertendumTESTest,TESTnuncTESTquidemTESThactenus;TESTCuiusTESTadTESTnaturamTESTaptaTESTratioTESTveraTESTillaTESTetTESTsummaTESTlexTESTaTESTphilosophisTESTdicitur.TESTNequeTESTsolumTESTeaTESTcommunia,TESTverumTESTetiamTESTpariaTESTesseTESTdixerunt.TESTSedTESTnunc,TESTquodTESTagimus;TESTATESTmeneTESTtu?